2025-03-24 07:08:59,372 - app.main - INFO - Creating database tables...
2025-03-24 07:08:59,403 - app.main - INFO - Initializing expense categories...
2025-03-24 07:08:59,478 - app.main - INFO - Expense categories initialized successfully
2025-03-24 07:08:59,493 - app.main - INFO - Application startup completed successfully
2025-03-24 07:09:11,742 - app.main - INFO - Application shutting down...
2025-03-24 07:09:20,458 - app.main - INFO - Creating database tables...
2025-03-24 07:09:20,508 - app.main - INFO - Initializing expense categories...
2025-03-24 07:09:20,543 - app.main - INFO - Expense categories initialized successfully
2025-03-24 07:09:20,567 - app.main - INFO - Application startup completed successfully
2025-03-24 07:09:29,676 - app.main - INFO - Creating database tables...
2025-03-24 07:09:29,703 - app.main - INFO - Initializing expense categories...
2025-03-24 07:09:29,744 - app.main - INFO - Expense categories initialized successfully
2025-03-24 07:09:29,746 - app.main - INFO - Application startup completed successfully
2025-03-24 07:09:33,360 - app.main - INFO - Application shutting down...
2025-03-24 07:09:42,095 - app.main - INFO - Creating database tables...
2025-03-24 07:09:42,115 - app.database - INFO - New database connection established
2025-03-24 07:09:42,133 - app.main - INFO - Initializing expense categories...
2025-03-24 07:09:42,182 - app.main - INFO - Expense categories initialized successfully
2025-03-24 07:09:42,183 - app.main - INFO - Application startup completed successfully
2025-03-24 07:10:30,863 - app.main - INFO - Application shutting down...
2025-03-24 07:10:40,521 - app.main - INFO - Creating database tables...
2025-03-24 07:10:40,537 - app.database - INFO - New database connection established
2025-03-24 07:10:40,551 - app.main - INFO - Initializing expense categories...
2025-03-24 07:10:40,600 - app.main - INFO - Expense categories initialized successfully
2025-03-24 07:10:40,605 - app.main - INFO - Application startup completed successfully
2025-03-24 07:11:15,134 - app.main - INFO - Application shutting down...
2025-03-24 07:11:23,931 - app.main - INFO - Verifying database connection...
2025-03-24 07:11:23,971 - app.database - INFO - New database connection established
2025-03-24 07:11:23,973 - app.database - ERROR - Database connection verification failed: Not an executable object: 'SELECT 1'
2025-03-24 07:11:23,975 - app.main - ERROR - Application startup failed: Database verification failed
2025-03-24 07:11:32,692 - app.main - INFO - Verifying database connection...
2025-03-24 07:11:32,710 - app.database - INFO - New database connection established
2025-03-24 07:11:32,712 - app.database - ERROR - Database connection verification failed: Not an executable object: 'SELECT 1'
2025-03-24 07:11:32,714 - app.main - ERROR - Application startup failed: Database verification failed
2025-03-24 07:13:14,811 - app.main - INFO - Verifying database connection...
2025-03-24 07:13:14,828 - app.database - INFO - New database connection established
2025-03-24 07:13:14,831 - app.database - ERROR - Database connection verification failed: Not an executable object: 'SELECT 1'
2025-03-24 07:13:14,833 - app.main - ERROR - Application startup failed: Database verification failed
2025-03-24 07:13:26,511 - app.main - INFO - Verifying database connection...
2025-03-24 07:13:26,530 - app.database - INFO - New database connection established
2025-03-24 07:13:26,534 - app.database - ERROR - Database connection verification failed: Not an executable object: 'SELECT 1'
2025-03-24 07:13:26,538 - app.main - ERROR - Application startup failed: Database verification failed
2025-03-24 07:13:44,014 - app.main - INFO - Verifying database connection...
2025-03-24 07:13:44,030 - app.database - INFO - New database connection established
2025-03-24 07:13:44,032 - app.database - ERROR - Database connection verification failed: Not an executable object: 'SELECT 1'
2025-03-24 07:13:44,034 - app.main - ERROR - Application startup failed: Database verification failed
2025-03-24 07:14:18,308 - app.main - INFO - Verifying database connection...
2025-03-24 07:14:18,327 - app.database - INFO - New database connection established
2025-03-24 07:14:18,329 - app.database - ERROR - Database connection verification failed: Not an executable object: 'SELECT 1'
2025-03-24 07:14:18,332 - app.main - ERROR - Application startup failed: Database verification failed
2025-03-24 07:14:52,066 - app.main - INFO - Verifying database connection...
2025-03-24 07:14:52,108 - app.database - INFO - New database connection established
2025-03-24 07:14:52,110 - app.database - ERROR - Database connection verification failed: Not an executable object: 'SELECT 1'
2025-03-24 07:14:52,112 - app.main - ERROR - Application startup failed: Database verification failed
